warning: unused variable: `idx`
   --> src\ui.rs:796:16
    |
796 |         .map(|(idx, c)| {
    |                ^^^ help: if this is intentional, prefix it with an underscore: `_idx`
    |
    = note: `#[warn(unused_variables)]` (part of `#[warn(unused)]`) on by default

warning: function `render_series_categories_pane` is never used
    --> src\ui.rs:2011:4
     |
2011 | fn render_series_categories_pane(f: &mut Frame, app: &mut App, area: Rect, border_color: Color) {
     |    ^^^^^^^^^^^^^^^^^^^^^^^^^^^^^
     |
     = note: `#[warn(dead_code)]` (part of `#[warn(unused)]`) on by default

warning: function `render_series_streams_pane` is never used
    --> src\ui.rs:2058:4
     |
2058 | fn render_series_streams_pane(f: &mut Frame, app: &mut App, area: Rect, border_color: Color) {
     |    ^^^^^^^^^^^^^^^^^^^^^^^^^^

warning: `matrix-iptv` (lib) generated 3 warnings
   Compiling matrix-iptv v0.1.0 (C:\Users\admin-beats\Documents\00 Vibe Coding\IPTV)
warning: unused import: `matrix_iptv_lib::config::AppConfig`
 --> src\bin\verify_playback.rs:3:5
  |
3 | use matrix_iptv_lib::config::AppConfig;
  |     ^^^^^^^^^^^^^^^^^^^^^^^^^^^^^^^^^^
  |
  = note: `#[warn(unused_imports)]` (part of `#[warn(unused)]`) on by default

warning: unused import: `std::fs`
 --> src\bin\verify_playback.rs:4:5
  |
4 | use std::fs;
  |     ^^^^^^^

warning: unused variable: `config_path`
  --> src\bin\verify_playback.rs:11:9
   |
11 |     let config_path = proj_dirs.config_dir().join("config.json");
   |         ^^^^^^^^^^^ help: if this is intentional, prefix it with an underscore: `_config_path`
   |
   = note: `#[warn(unused_variables)]` (part of `#[warn(unused)]`) on by default

warning: unused import: `matrix_iptv_lib::api::XtreamClient`
 --> src\bin\inspect_auth.rs:1:5
  |
1 | use matrix_iptv_lib::api::XtreamClient;
  |     ^^^^^^^^^^^^^^^^^^^^^^^^^^^^^^^^^^
  |
  = note: `#[warn(unused_imports)]` (part of `#[warn(unused)]`) on by default

warning: `matrix-iptv` (bin "verify_playback") generated 3 warnings (run `cargo fix --bin "verify_playback"` to apply 2 suggestions)
warning: `matrix-iptv` (bin "inspect_auth") generated 1 warning (run `cargo fix --bin "inspect_auth"` to apply 1 suggestion)
error[E0433]: failed to resolve: use of unresolved module or unlinked crate `matrix_iptv`
  --> src\bin\qa_bot.rs:56:26
   |
56 |         let client_res = matrix_iptv::api::XtreamClient::new_with_doh(
   |                          ^^^^^^^^^^^ use of unresolved module or unlinked crate `matrix_iptv`
   |
   = help: if you wanted to use a crate named `matrix_iptv`, use `cargo add matrix_iptv` to add it to your `Cargo.toml`
help: consider importing this struct
   |
 1 + use matrix_iptv_lib::api::XtreamClient;
   |
help: if you import `XtreamClient`, refer to it directly
   |
56 -         let client_res = matrix_iptv::api::XtreamClient::new_with_doh(
56 +         let client_res = XtreamClient::new_with_doh(
   |

warning: unused import: `AsyncAction`
 --> src\bin\qa_bot.rs:2:33
  |
2 | use matrix_iptv_lib::app::{App, AsyncAction, CurrentScreen};
  |                                 ^^^^^^^^^^^
  |
  = note: `#[warn(unused_imports)]` (part of `#[warn(unused)]`) on by default

error[E0433]: failed to resolve: use of unresolved module or unlinked crate `matrix_iptv`
  --> src\bin\debug_playlists.rs:51:36
   |
51 |     fn take(self, n: usize) -> Vec<matrix_iptv::api::Category>;
   |                                    ^^^^^^^^^^^ use of unresolved module or unlinked crate `matrix_iptv`
   |
   = help: if you wanted to use a crate named `matrix_iptv`, use `cargo add matrix_iptv` to add it to your `Cargo.toml`
help: consider importing this module
   |
 1 + use matrix_iptv_lib::api;
   |
help: if you import `api`, refer to it directly
   |
51 -     fn take(self, n: usize) -> Vec<matrix_iptv::api::Category>;
51 +     fn take(self, n: usize) -> Vec<api::Category>;
   |

error[E0433]: failed to resolve: use of unresolved module or unlinked crate `matrix_iptv`
  --> src\bin\debug_playlists.rs:54:19
   |
54 | impl Take for Vec<matrix_iptv::api::Category> {
   |                   ^^^^^^^^^^^ use of unresolved module or unlinked crate `matrix_iptv`
   |
   = help: if you wanted to use a crate named `matrix_iptv`, use `cargo add matrix_iptv` to add it to your `Cargo.toml`
help: consider importing this module
   |
 1 + use matrix_iptv_lib::api;
   |
help: if you import `api`, refer to it directly
   |
54 - impl Take for Vec<matrix_iptv::api::Category> {
54 + impl Take for Vec<api::Category> {
   |

error[E0433]: failed to resolve: use of unresolved module or unlinked crate `matrix_iptv`
  --> src\bin\debug_playlists.rs:55:40
   |
55 |     fn take(mut self, n: usize) -> Vec<matrix_iptv::api::Category> {
   |                                        ^^^^^^^^^^^ use of unresolved module or unlinked crate `matrix_iptv`
   |
   = help: if you wanted to use a crate named `matrix_iptv`, use `cargo add matrix_iptv` to add it to your `Cargo.toml`
help: consider importing this module
   |
 1 + use matrix_iptv_lib::api;
   |
help: if you import `api`, refer to it directly
   |
55 -     fn take(mut self, n: usize) -> Vec<matrix_iptv::api::Category> {
55 +     fn take(mut self, n: usize) -> Vec<api::Category> {
   |

error[E0433]: failed to resolve: use of unresolved module or unlinked crate `matrix_iptv`
  --> src\main.rs:51:22
   |
51 |         let config = matrix_iptv::config::AppConfig::load()?;
   |                      ^^^^^^^^^^^ use of unresolved module or unlinked crate `matrix_iptv`
   |
   = help: if you wanted to use a crate named `matrix_iptv`, use `cargo add matrix_iptv` to add it to your `Cargo.toml`
help: consider importing this struct
   |
 1 + use matrix_iptv_lib::config::AppConfig;
   |
help: if you import `AppConfig`, refer to it directly
   |
51 -         let config = matrix_iptv::config::AppConfig::load()?;
51 +         let config = AppConfig::load()?;
   |

error[E0433]: failed to resolve: use of unresolved module or unlinked crate `matrix_iptv`
   --> src\main.rs:409:47
    |
409 |                     app.matrix_rain_columns = matrix_iptv::matrix_rain::init_matrix_rain(rect);
    |                                               ^^^^^^^^^^^ use of unresolved module or unlinked crate `matrix_iptv`
    |
    = help: if you wanted to use a crate named `matrix_iptv`, use `cargo add matrix_iptv` to add it to your `Cargo.toml`
help: consider importing this module
    |
  1 + use matrix_iptv_lib::matrix_rain;
    |
help: if you import `matrix_rain`, refer to it directly
    |
409 -                     app.matrix_rain_columns = matrix_iptv::matrix_rain::init_matrix_rain(rect);
409 +                     app.matrix_rain_columns = matrix_rain::init_matrix_rain(rect);
    |

error[E0433]: failed to resolve: use of unresolved module or unlinked crate `matrix_iptv`
   --> src\main.rs:413:17
    |
413 |                 matrix_iptv::matrix_rain::update_matrix_rain(&mut app.matrix_rain_columns, rect, app.loading_tick);
    |                 ^^^^^^^^^^^ use of unresolved module or unlinked crate `matrix_iptv`
    |
    = help: if you wanted to use a crate named `matrix_iptv`, use `cargo add matrix_iptv` to add it to your `Cargo.toml`
help: consider importing this module
    |
  1 + use matrix_iptv_lib::matrix_rain;
    |
help: if you import `matrix_rain`, refer to it directly
    |
413 -                 matrix_iptv::matrix_rain::update_matrix_rain(&mut app.matrix_rain_columns, rect, app.loading_tick);
413 +                 matrix_rain::update_matrix_rain(&mut app.matrix_rain_columns, rect, app.loading_tick);
    |

error[E0433]: failed to resolve: use of unresolved module or unlinked crate `matrix_iptv`
    --> src\main.rs:1820:33
     |
1820 | ...                   matrix_iptv::app::SettingsState::Main => {
     |                       ^^^^^^^^^^^ use of unresolved module or unlinked crate `matrix_iptv`
     |
     = help: if you wanted to use a crate named `matrix_iptv`, use `cargo add matrix_iptv` to add it to your `Cargo.toml`
help: consider importing this enum
     |
   1 + use matrix_iptv_lib::app::SettingsState;
     |
help: if you import `SettingsState`, refer to it directly
     |
1820 -                                 matrix_iptv::app::SettingsState::Main => {
1820 +                                 SettingsState::Main => {
     |

error[E0433]: failed to resolve: use of unresolved module or unlinked crate `matrix_iptv`
    --> src\main.rs:1833:78
     |
1833 | ...                   app.settings_state = matrix_iptv::app::SettingsState::ManageAccounts;
     |                                            ^^^^^^^^^^^ use of unresolved module or unlinked crate `matrix_iptv`
     |
     = help: if you wanted to use a crate named `matrix_iptv`, use `cargo add matrix_iptv` to add it to your `Cargo.toml`
help: consider importing this enum
     |
   1 + use matrix_iptv_lib::app::SettingsState;
     |
help: if you import `SettingsState`, refer to it directly
     |
1833 -                                                         app.settings_state = matrix_iptv::app::SettingsState::ManageAccounts;
1833 +                                                         app.settings_state = SettingsState::ManageAccounts;
     |

error[E0433]: failed to resolve: use of unresolved module or unlinked crate `matrix_iptv`
    --> src\main.rs:1865:61
     |
1865 | ...                   matrix_iptv::app::SettingsState::About;
     |                       ^^^^^^^^^^^ use of unresolved module or unlinked crate `matrix_iptv`
     |
     = help: if you wanted to use a crate named `matrix_iptv`, use `cargo add matrix_iptv` to add it to your `Cargo.toml`
help: consider importing this enum
     |
   1 + use matrix_iptv_lib::app::SettingsState;
     |
help: if you import `SettingsState`, refer to it directly
     |
1865 -                                                             matrix_iptv::app::SettingsState::About;
1865 +                                                             SettingsState::About;
     |

error[E0433]: failed to resolve: use of unresolved module or unlinked crate `matrix_iptv`
    --> src\main.rs:1874:33
     |
1874 | ...                   matrix_iptv::app::SettingsState::ManageAccounts => {
     |                       ^^^^^^^^^^^ use of unresolved module or unlinked crate `matrix_iptv`
     |
     = help: if you wanted to use a crate named `matrix_iptv`, use `cargo add matrix_iptv` to add it to your `Cargo.toml`
help: consider importing this enum
     |
   1 + use matrix_iptv_lib::app::SettingsState;
     |
help: if you import `SettingsState`, refer to it directly
     |
1874 -                                 matrix_iptv::app::SettingsState::ManageAccounts => {
1874 +                                 SettingsState::ManageAccounts => {
     |

error[E0433]: failed to resolve: use of unresolved module or unlinked crate `matrix_iptv`
    --> src\main.rs:1878:49
     |
1878 | ...                   matrix_iptv::app::SettingsState::Main
     |                       ^^^^^^^^^^^ use of unresolved module or unlinked crate `matrix_iptv`
     |
     = help: if you wanted to use a crate named `matrix_iptv`, use `cargo add matrix_iptv` to add it to your `Cargo.toml`
help: consider importing this enum
     |
   1 + use matrix_iptv_lib::app::SettingsState;
     |
help: if you import `SettingsState`, refer to it directly
     |
1878 -                                                 matrix_iptv::app::SettingsState::Main
1878 +                                                 SettingsState::Main
     |

error[E0433]: failed to resolve: use of unresolved module or unlinked crate `matrix_iptv`
    --> src\main.rs:1943:33
     |
1943 | ...                   matrix_iptv::app::SettingsState::About => match key.code {
     |                       ^^^^^^^^^^^ use of unresolved module or unlinked crate `matrix_iptv`
     |
     = help: if you wanted to use a crate named `matrix_iptv`, use `cargo add matrix_iptv` to add it to your `Cargo.toml`
help: consider importing this enum
     |
   1 + use matrix_iptv_lib::app::SettingsState;
     |
help: if you import `SettingsState`, refer to it directly
     |
1943 -                                 matrix_iptv::app::SettingsState::About => match key.code {
1943 +                                 SettingsState::About => match key.code {
     |

error[E0433]: failed to resolve: use of unresolved module or unlinked crate `matrix_iptv`
    --> src\main.rs:1945:62
     |
1945 | ...                   app.settings_state = matrix_iptv::app::SettingsState::Main;
     |                                            ^^^^^^^^^^^ use of unresolved module or unlinked crate `matrix_iptv`
     |
     = help: if you wanted to use a crate named `matrix_iptv`, use `cargo add matrix_iptv` to add it to your `Cargo.toml`
help: consider importing this enum
     |
   1 + use matrix_iptv_lib::app::SettingsState;
     |
help: if you import `SettingsState`, refer to it directly
     |
1945 -                                         app.settings_state = matrix_iptv::app::SettingsState::Main;
1945 +                                         app.settings_state = SettingsState::Main;
     |

warning: unused imports: `KeyModifiers` and `MouseEvent`
 --> src\main.rs:6:86
  |
6 |         self, DisableMouseCapture, EnableMouseCapture, Event, KeyCode, KeyEventKind, KeyModifiers,
  |                                                                                      ^^^^^^^^^^^^
7 |         MouseButton, MouseEvent, MouseEventKind,
  |                      ^^^^^^^^^^
  |
  = note: `#[warn(unused_imports)]` (part of `#[warn(unused)]`) on by default

warning: unused import: `Stream`
  --> src\main.rs:22:38
   |
22 | use matrix_iptv_lib::api::{Category, Stream, XtreamClient};
   |                                      ^^^^^^

For more information about this error, try `rustc --explain E0433`.
warning: `matrix-iptv` (bin "qa_bot") generated 1 warning
error: could not compile `matrix-iptv` (bin "qa_bot") due to 1 previous error; 1 warning emitted
warning: build failed, waiting for other jobs to finish...
error: could not compile `matrix-iptv` (bin "debug_playlists") due to 3 previous errors
warning: `matrix-iptv` (bin "matrix-iptv") generated 2 warnings
error: could not compile `matrix-iptv` (bin "matrix-iptv") due to 10 previous errors; 2 warnings emitted
